// Jest Snapshot v1, https://goo.gl/fbAQLP

exports[`renders correctly whithout crash 1`] = `
<h1>
  hello
</h1>
`;
