// Jest Snapshot v1, https://goo.gl/fbAQLP

exports[`renders correctly 1`] = `
<div>
  <h1>
    omar
  </h1>
  <select
    onChange={[Function]}
  >
    <option
      value="en"
    >
      en
    </option>
    <option
      value="ar"
    >
      ar
    </option>
  </select>
</div>
`;
