// Jest Snapshot v1, https://goo.gl/fbAQLP

exports[`renders correctly 1`] = `
Object {
  "asFragment": [Function],
  "baseElement": <body>
    <div>
      <div
        class="container-fluid"
        id="navbar"
      >
        <div
          class="hamburgerContainer row"
        >
          <div
            class="hamburgerIcon col"
          />
        </div>
        <div
          class="collapseMenuItems  row"
        >
          <div
            class="navbarLogo row"
          >
            LOGO
          </div>
          <div
            class="navbarItems row row-cols-xl-7 row-cols-lg-7"
          >
            <div
              class="col"
            >
              <a
                aria-current="page"
                class="active"
                href="/"
              >
                Home
              </a>
            </div>
            <div
              class="col"
            >
              <a
                href="/about"
              >
                About
              </a>
            </div>
            <div
              class="col"
            >
              <a
                href="/blog"
              >
                Blog
              </a>
            </div>
            <div
              class="col"
            >
              <a
                href="/products"
              >
                Products
              </a>
            </div>
            <div
              class="col"
            >
              <a
                href="/contact"
              >
                Contact
              </a>
            </div>
          </div>
          <div
            class="icon-trio row row-cols-xl-2 row-cols-lg-2"
          >
            <div>
              <i
                class="fas fa-search"
              />
            </div>
            <div>
              <i
                class="fas fa-user-circle"
              />
            </div>
            <div>
              <a
                href="/shoppingcart"
              >
                <i
                  class="fas fa-shopping-cart"
                />
              </a>
            </div>
          </div>
        </div>
      </div>
    </div>
  </body>,
  "container": <div>
    <div
      class="container-fluid"
      id="navbar"
    >
      <div
        class="hamburgerContainer row"
      >
        <div
          class="hamburgerIcon col"
        />
      </div>
      <div
        class="collapseMenuItems  row"
      >
        <div
          class="navbarLogo row"
        >
          LOGO
        </div>
        <div
          class="navbarItems row row-cols-xl-7 row-cols-lg-7"
        >
          <div
            class="col"
          >
            <a
              aria-current="page"
              class="active"
              href="/"
            >
              Home
            </a>
          </div>
          <div
            class="col"
          >
            <a
              href="/about"
            >
              About
            </a>
          </div>
          <div
            class="col"
          >
            <a
              href="/blog"
            >
              Blog
            </a>
          </div>
          <div
            class="col"
          >
            <a
              href="/products"
            >
              Products
            </a>
          </div>
          <div
            class="col"
          >
            <a
              href="/contact"
            >
              Contact
            </a>
          </div>
        </div>
        <div
          class="icon-trio row row-cols-xl-2 row-cols-lg-2"
        >
          <div>
            <i
              class="fas fa-search"
            />
          </div>
          <div>
            <i
              class="fas fa-user-circle"
            />
          </div>
          <div>
            <a
              href="/shoppingcart"
            >
              <i
                class="fas fa-shopping-cart"
              />
            </a>
          </div>
        </div>
      </div>
    </div>
  </div>,
  "debug": [Function],
  "findAllByAltText": [Function],
  "findAllByDisplayValue": [Function],
  "findAllByLabelText": [Function],
  "findAllByPlaceholderText": [Function],
  "findAllByRole": [Function],
  "findAllByTestId": [Function],
  "findAllByText": [Function],
  "findAllByTitle": [Function],
  "findByAltText": [Function],
  "findByDisplayValue": [Function],
  "findByLabelText": [Function],
  "findByPlaceholderText": [Function],
  "findByRole": [Function],
  "findByTestId": [Function],
  "findByText": [Function],
  "findByTitle": [Function],
  "getAllByAltText": [Function],
  "getAllByDisplayValue": [Function],
  "getAllByLabelText": [Function],
  "getAllByPlaceholderText": [Function],
  "getAllByRole": [Function],
  "getAllByTestId": [Function],
  "getAllByText": [Function],
  "getAllByTitle": [Function],
  "getByAltText": [Function],
  "getByDisplayValue": [Function],
  "getByLabelText": [Function],
  "getByPlaceholderText": [Function],
  "getByRole": [Function],
  "getByTestId": [Function],
  "getByText": [Function],
  "getByTitle": [Function],
  "queryAllByAltText": [Function],
  "queryAllByDisplayValue": [Function],
  "queryAllByLabelText": [Function],
  "queryAllByPlaceholderText": [Function],
  "queryAllByRole": [Function],
  "queryAllByTestId": [Function],
  "queryAllByText": [Function],
  "queryAllByTitle": [Function],
  "queryByAltText": [Function],
  "queryByDisplayValue": [Function],
  "queryByLabelText": [Function],
  "queryByPlaceholderText": [Function],
  "queryByRole": [Function],
  "queryByTestId": [Function],
  "queryByText": [Function],
  "queryByTitle": [Function],
  "rerender": [Function],
  "unmount": [Function],
}
`;
